# ./tests/2-matrix_divided.txt

>>> matrix_divided = __import__("2-matrix_divided").matrix_divided

# Valid input
>>> matrix_divided([[1, 2, 3], [4, 5, 6], [7, 8, 9]], 2)
[[0.5, 1.0, 1.5], [2.0, 2.5, 3.0], [3.5, 4.0, 4.5]]

# Invalid matrix - non-numeric value
>>> matrix_divided([[1, 'two', 3], [4, 5, 6], [7, 8, 9]], 2)
Traceback (most recent call last):
    ...
TypeError: matrix must be a matrix (list of lists) of integers/floats

# Invalid divisor - not a number
>>> matrix_divided([[1, 2, 3], [4, 5, 6], [7, 8, 9]], 'two')
Traceback (most recent call last):
    ...
TypeError: div must be a number

# Division by zero
>>> matrix_divided([[1, 2, 3], [4, 5, 6], [7, 8, 9]], 0)
Traceback (most recent call last):
    ...
ZeroDivisionError: division by zero

# Valid input with decimal divisor
>>> matrix_divided([[1, 2, 3], [4, 5, 6], [7, 8, 9]], 2.5)
[[0.4, 0.8, 1.2], [1.6, 2.0, 2.4], [2.8, 3.2, 3.6]]
